[2026-04-28 00:18:17] [RESULT] Timing Results:
[2026-04-28 00:18:17] [RESULT]   [Key generation]
[2026-04-28 00:18:17] [RESULT]     key_gen_server_time_1: 0.721 s
[2026-04-28 00:18:17] [RESULT]     key_gen_comm_mb: 26.1916 MB
[2026-04-28 00:18:17] [RESULT]     broadcast_comm_mb: 28.0901 MB
[2026-04-28 00:18:17] [RESULT]   [Client compute]
[2026-04-28 00:18:17] [RESULT]     client_compute_time_3: 0.027 s
[2026-04-28 00:18:17] [RESULT]     client_compute_time_4: 0.028 s
[2026-04-28 00:18:17] [RESULT]   [Client -> Server comm]
[2026-04-28 00:18:17] [RESULT]     client_server_comm_mb: 0.25 MB
[2026-04-28 00:18:17] [RESULT]   [Aggregation]
[2026-04-28 00:18:17] [RESULT]     aggregation_time_ms_1: 0.085 ms
[2026-04-28 00:18:17] [RESULT]     aggregation_time_ms_2: 0.04 ms
[2026-04-28 00:18:17] [RESULT]   [2PC]
[2026-04-28 00:18:17] [RESULT]     server_2pc_time_1: 0.015 s
[2026-04-28 00:18:17] [RESULT]     2PC_mb: 3.23 MB
[2026-04-28 00:18:17] [RESULT] ==================================================
[2026-04-28 00:18:17] [RESULT] ✓ FHE PSI TEST PASSED
[2026-04-28 00:18:17] [RESULT] ==================================================
[2026-04-28 00:18:17] [RESULT] Log file saved to: /home/ysk3460/psi-code/fhe_phase/.temp_agg_1cps_seed_6_2026-04-28_00-18-15.log
